[www.dolunaycraft.com/index.html]
[www.dolunaycraft.com/apps/main/public/assets/img/extras/favicon.png]
[backblue.gif]
[fade.gif]
[index.html]
[cdnjs.cloudflare.com/ajax/libs/twitter-bootstrap/4.5.2/css/bootstrap.min.css]
[cdnjs.cloudflare.com/ajax/libs/limonte-sweetalert2/8.11.8/sweetalert2.min.css]
[cdnjs.cloudflare.com/ajax/libs/select2/4.0.13/css/select2.min.css]
[cdn.jsdelivr.net/npm/@ttskch/select2-bootstrap4-theme@1.4.0/dist/select2-bootstrap4.min.css]
[cdnjs.cloudflare.com/ajax/libs/font-awesome/4.7.0/css/font-awesome.min.css]
[www.dolunaycraft.com/apps/main/public/assets/css/themes/flat/main.min3a84.css]
[www.dolunaycraft.com/apps/main/public/assets/css/themes/flat/responsive.min3a84.css]
[i.hizliresim.com/TCm4xS.png]
[www.dolunaycraft.com/apps/main/public/assets/img/extras/header-logo.png]
[www.dolunaycraft.com/magaza.html]
[www.dolunaycraft.com/sepet]
[www.dolunaycraft.com/magaza/skyblock.html]
[www.dolunaycraft.com/magaza/survival.html]
[www.dolunaycraft.com/giris-yap.html]
[www.dolunaycraft.com/kupon]
[www.dolunaycraft.com/kayit-ol.html]
[www.dolunaycraft.com/haber/2/skyblock-guncelleme.html]
[www.dolunaycraft.com/apps/main/public/assets/img/loaders/news.png]
[www.dolunaycraft.com/kategori/duyuru.html]
[www.dolunaycraft.com/haber/1/dolunaycraft-16-kasimda-sizlerle-bulusuyor.html]
[www.dolunaycraft.com/haberler/0.html]
[www.dolunaycraft.com/haberler/1.html]
[www.dolunaycraft.com/haberler/2.html]
[www.dolunaycraft.com/apps/main/public/assets/img/loaders/head.png]
[www.dolunaycraft.com/cdn-cgi/l/email-protection.html]
[www.dolunaycraft.com/cdn-cgi/scripts/5c5dd728/cloudflare-static/email-decode.min.js]
[cdnjs.cloudflare.com/ajax/libs/jquery/3.5.1/jquery.min.js]
[cdnjs.cloudflare.com/ajax/libs/twitter-bootstrap/4.5.2/js/bootstrap.bundle.min.js]
[cdnjs.cloudflare.com/ajax/libs/scrollup/2.4.1/jquery.scrollUp.min.js]
[cdnjs.cloudflare.com/ajax/libs/clipboard.js/2.0.6/clipboard.min.js]
[cdnjs.cloudflare.com/ajax/libs/limonte-sweetalert2/8.11.8/sweetalert2.min.js]
[cdnjs.cloudflare.com/ajax/libs/vanilla-lazyload/16.1.0/lazyload.min.js]
[cdnjs.cloudflare.com/ajax/libs/select2/4.0.13/js/select2.min.js]
[cdnjs.cloudflare.com/ajax/libs/select2/4.0.13/js/i18n/tr.min.js]
[cdnjs.cloudflare.com/ajax/libs/jQuery.Marquee/1.5.0/jquery.marquee.min.js]
[www.dolunaycraft.com/apps/main/public/assets/js/main.min3a84.js]
[www.dolunaycraft.com/index.html]
[cdnjs.cloudflare.com/ajax/libs/twitter-bootstrap/4.5.2/css/bootstrap.min.css]
[cdnjs.cloudflare.com/ajax/libs/limonte-sweetalert2/8.11.8/sweetalert2.min.css]
[cdnjs.cloudflare.com/ajax/libs/select2/4.0.13/css/select2.min.css]
[cdn.jsdelivr.net/npm/@ttskch/select2-bootstrap4-theme@1.4.0/dist/select2-bootstrap4.min.css]
[cdnjs.cloudflare.com/ajax/libs/font-awesome/4.7.0/css/font-awesome.min.css]
[ajax.cloudflare.com/cdn-cgi/scripts/7089c43e/cloudflare-static/rocket-loader.min.js]
[www.dolunaycraft.com/apps/main/public/assets/img/loaders/iframe.gif]
[www.dolunaycraft.com/apps/main/public/assets/img/extras/profile.png]
[www.dolunaycraft.com/apps/main/public/assets/img/extras/header-bg.png]
[www.dolunaycraft.com/apps/main/public/assets/css/themes/flat/main.min3a84.css]
[www.dolunaycraft.com/apps/main/public/assets/css/themes/flat/responsive.min3a84.css]
[www.dolunaycraft.com/apps/main/public/assets/img/loaders/server.png]
[www.dolunaycraft.com/magaza.html]
[www.dolunaycraft.com/sepet.html]
[www.dolunaycraft.com/apps/main/public/assets/img/loaders/store.png]
[www.dolunaycraft.com/magaza/skyblock/vip.html]
[www.dolunaycraft.com/magaza/skyblock/spawner.html]
[www.dolunaycraft.com/magaza/skyblock/anahtar.html]
[www.dolunaycraft.com/magaza/skyblock/para.html]
[www.dolunaycraft.com/magaza/skyblock/cesitli.html]
[www.dolunaycraft.com/magaza/skyblock/sinirsiz-vip.html]
[www.dolunaycraft.com/magaza/skyblock.html]
[www.dolunaycraft.com/apps/main/public/assets/js/store3a84.js]
[www.dolunaycraft.com/magaza/survival/vip.html]
[www.dolunaycraft.com/magaza/survival/spawner.html]
[www.dolunaycraft.com/magaza/survival/anahtar.html]
[www.dolunaycraft.com/magaza/survival/cesitli.html]
[www.dolunaycraft.com/magaza/survival.html]
[www.dolunaycraft.com/magaza/survival/suresiz-vip.html]
[www.dolunaycraft.com/giris-yap.html]
[www.dolunaycraft.com/kupon.html]
[www.dolunaycraft.com/sifremi-unuttum.html]
[www.dolunaycraft.com/kayit-ol.html]
[www.dolunaycraft.com/kurallar.html]
[www.dolunaycraft.com/oyuncu/YasinG67.html]
[www.dolunaycraft.com/etiket/hesap.html]
[www.dolunaycraft.com/etiket/dolunaycraft.html]
[www.dolunaycraft.com/etiket/guncelleme.html]
[www.dolunaycraft.com/etiket/beta.html]
[www.dolunaycraft.com/haber/2/skyblock-guncelleme.html]
[www.dolunaycraft.com/apps/main/public/assets/js/loader3a84.js]
[www.dolunaycraft.com/kategori/duyuru/0.html]
[www.dolunaycraft.com/kategori/duyuru/1.html]
[www.dolunaycraft.com/kategori/duyuru.html]
[www.dolunaycraft.com/kategori/duyuru/2.html]
[www.dolunaycraft.com/haber/1/dolunaycraft-16-kasimda-sizlerle-bulusuyor.html]
[www.dolunaycraft.com/oyuncu/asigolge.html]
[www.dolunaycraft.com/haberler/0.html]
[www.dolunaycraft.com/haberler/1.html]
[www.dolunaycraft.com/haberler/2.html]
[www.dolunaycraft.com/cdn-cgi/l/email-protection.html]
[www.dolunaycraft.com/magaza/skyblock/vip.html]
[www.dolunaycraft.com/magaza/skyblock/spawner.html]
[www.dolunaycraft.com/magaza/skyblock/anahtar.html]
[www.dolunaycraft.com/magaza/skyblock/para.html]
[www.dolunaycraft.com/magaza/skyblock/cesitli.html]
[www.dolunaycraft.com/magaza/skyblock/sinirsiz-vip.html]
[www.dolunaycraft.com/magaza/survival/vip.html]
[www.dolunaycraft.com/magaza/survival/spawner.html]
[www.dolunaycraft.com/magaza/survival/anahtar.html]
[www.dolunaycraft.com/magaza/survival/cesitli.html]
[www.dolunaycraft.com/magaza/survival/suresiz-vip.html]
[www.dolunaycraft.com/sifremi-unuttum.html]
[www.dolunaycraft.com/kurallar.html]
[www.dolunaycraft.com/oyuncu/YasinG67.html]
[www.dolunaycraft.com/etiket/hesap.html]
[www.dolunaycraft.com/etiket/dolunaycraft/0.html]
[www.dolunaycraft.com/etiket/dolunaycraft/1.html]
[www.dolunaycraft.com/etiket/dolunaycraft.html]
[www.dolunaycraft.com/etiket/dolunaycraft/2.html]
[www.dolunaycraft.com/etiket/guncelleme/0.html]
[www.dolunaycraft.com/etiket/guncelleme/1.html]
[www.dolunaycraft.com/etiket/guncelleme.html]
[www.dolunaycraft.com/etiket/guncelleme/2.html]
[www.dolunaycraft.com/etiket/beta/0.html]
[www.dolunaycraft.com/etiket/beta/1.html]
[www.dolunaycraft.com/etiket/beta.html]
[www.dolunaycraft.com/etiket/beta/2.html]
[www.dolunaycraft.com/kategori/duyuru/0.html]
[www.dolunaycraft.com/kategori/duyuru/1.html]
[www.dolunaycraft.com/kategori/duyuru/2.html]
[www.dolunaycraft.com/oyuncu/asigolge.html]
[www.dolunaycraft.com/etiket/dolunaycraft/0.html]
[www.dolunaycraft.com/etiket/dolunaycraft/1.html]
[www.dolunaycraft.com/etiket/dolunaycraft/2.html]
[www.dolunaycraft.com/etiket/guncelleme/0.html]
[www.dolunaycraft.com/etiket/guncelleme/1.html]
[www.dolunaycraft.com/etiket/guncelleme/2.html]
[www.dolunaycraft.com/etiket/beta/0.html]
[www.dolunaycraft.com/etiket/beta/1.html]
[www.dolunaycraft.com/etiket/beta/2.html]
